Microsoft (R) Macro Assembler (x64) Version 14.29.30133.0   09/23/21 12:21:19
64bitExample.asm					     Page 1 - 1


				; Example assembly language program -- adds 158 to number in memory
				; Author:  Saishnu Ramesh Kumar
				; Date:    09/23/2021

 00000000			.DATA                   ; reserve storage for data
 00000000			number  QWORD   -105
	   FFFFFFFFFFFFFF97
 00000008			sum     QWORD   ?
	   0000000000000000

 00000000			.CODE                           ; start of main program code
 00000000			main    PROC
 00000000  48/ 8B 05		        mov     rax, number     ; first number to RAX
	   00000000 R
 00000007  48/ 05		        add     rax, 158        ; storing 158
	   0000009E
 0000000D  48/ 89 05		        mov     sum, rax        ; sum to memory
	   00000008 R

 00000014  48/ C7 C0		        mov   rax, 0            ; exit with return code 0
	   00000000
 0000001B  C3			        ret
 0000001C			main    ENDP

				END                             ; end of source code
Microsoft (R) Macro Assembler (x64) Version 14.29.30133.0   09/23/21 12:21:19
64bitExample.asm					     Symbols 2 - 1




Procedures, parameters, and locals:

                N a m e                 Type     Value    Attr

main . . . . . . . . . . . . . .	P 	 00000000 _TEXT	Length= 0000001C Public


Symbols:

                N a m e                 Type     Value    Attr

number . . . . . . . . . . . . .	QWord	 00000000 _DATA	
sum  . . . . . . . . . . . . . .	QWord	 00000008 _DATA	

	   0 Warnings
	   0 Errors
