Microsoft (R) Macro Assembler Version 14.29.30133.0	    10/14/21 14:11:51
Lab7.asm						     Page 1 - 1


				; Example assembly language program -- adds 158 to number in memory
				; Author:  Saishnu Ramesh Kumar
				; Date:    10/14/2021
				comment & we can comment in this 
				way to &

				.586
				.MODEL FLAT

				.STACK  4096            ; reserve 4096-byte stack

 00000000			.DATA                   ; reserve storage for data

 00000000 FC			count BYTE 0000000FCH

 00000000			.CODE                           ; start of main program code
 00000000			main    PROC
				        
 00000000  66| B8 FF75		        mov AX, 00000FF75H
				        
 00000004  F6 35 00000000 R	        div count

 0000000A  C3			        ret
 0000000B			main    ENDP

				END                             ; end of source code
Microsoft (R) Macro Assembler Version 14.29.30133.0	    10/14/21 14:11:51
Lab7.asm						     Symbols 2 - 1




Segments and Groups:

                N a m e                 Size     Length   Align   Combine Class

FLAT . . . . . . . . . . . . . .	GROUP
STACK  . . . . . . . . . . . . .	32 Bit	 00001000 Para	  Stack	  'STACK'	 
_DATA  . . . . . . . . . . . . .	32 Bit	 00000001 Para	  Public  'DATA'	
_TEXT  . . . . . . . . . . . . .	32 Bit	 0000000B Para	  Public  'CODE'	


Procedures, parameters, and locals:

                N a m e                 Type     Value    Attr

main . . . . . . . . . . . . . .	P Near	 00000000 _TEXT	Length= 0000000B Public


Symbols:

                N a m e                 Type     Value    Attr

@CodeSize  . . . . . . . . . . .	Number	 00000000h   
@DataSize  . . . . . . . . . . .	Number	 00000000h   
@Interface . . . . . . . . . . .	Number	 00000000h   
@Model . . . . . . . . . . . . .	Number	 00000007h   
@code  . . . . . . . . . . . . .	Text   	 _TEXT
@data  . . . . . . . . . . . . .	Text   	 FLAT
@fardata?  . . . . . . . . . . .	Text   	 FLAT
@fardata . . . . . . . . . . . .	Text   	 FLAT
@stack . . . . . . . . . . . . .	Text   	 FLAT
count  . . . . . . . . . . . . .	Byte	 00000000 _DATA	

	   0 Warnings
	   0 Errors
