Microsoft (R) Macro Assembler Version 14.29.30136.0	    12/02/21 22:21:30
FP_Part_1.asm						     Page 1 - 1


				; Example assembly language program -- adds two numbers
				; Author:  Saishnu Ramesh Kumar
				; Date:    12/2/2021
				.586
				.MODEL FLAT
				INCLUDE io.h            ; header file for input/output
			      C ; IO.H -- header file for I/O macros (listing suppressed)
			      C .NOLIST      ; turn off listing
			      C .LIST        ; begin listing
			      C 
				.STACK 4096
 00000000			.DATA

				;Single Precision
 00000000 432F8000		sample1 real4  175.5
 00000004 3DC00000		sample2 real4  0.09375

				;Double Precision
 00000008			sample3 real8 -0.0078125
	   BF80000000000000
 00000010			sample4 real8 -11.75
	   C027800000000000

				;Double Extended Precision
 00000018			sample5 real10 3160.0
	   400AC580000000000000
 00000022			sample6 real10 -1.25
	   BFFFA000000000000000


 0000002C 3F000000		fpvalue real4 0.5
 00000030 00000006		intvalue dword 6
 00000034 420C0000		fp1 real4 35.0
 00000038 41C00000		fp2 real4 24.0
 0000003C 41B80000		fp3 real4 23.0
 00000040 41400000		fp4 real4 12.0
 00000044 41100000		fp5 real4 9.0

 00000000			.CODE

 00000000			_MainProc PROC
 00000000  D9 05 00000034 R	fld fp1
 00000006  D9 05 00000038 R	fld fp2
 0000000C  D9 05 0000003C R	fld fp3
 00000012  D9 05 00000040 R	fld fp4
 00000018  D9 05 00000044 R	fld fp5

				;Exercise 9.2 (from a to h)
 0000001E  D9 C2		fld st(2)
 00000020  D9 05 0000002C R	fld fpValue
 00000026  DB 05 00000030 R	fild intValue

 0000002C  D9 EB		fldpi

 0000002E  DD D4		fst st(4)
 00000030  DD DC		fstp st(4)
 00000032  D9 15 0000002C R	fst fpValue
 00000038  DB 1D 00000030 R	fistp intValue
				;End of Exercise 9.2

 0000003E  B8 00000000		mov eax,0
 00000043  C3			ret
 00000044			_MainProc ENDP
				END                             ; end of source code
Microsoft (R) Macro Assembler Version 14.29.30136.0	    12/02/21 22:21:30
FP_Part_1.asm						     Symbols 2 - 1




Macros:

                N a m e                 Type

atod . . . . . . . . . . . . . .	Proc
atow . . . . . . . . . . . . . .	Proc
dtoa . . . . . . . . . . . . . .	Proc
input  . . . . . . . . . . . . .	Proc
output . . . . . . . . . . . . .	Proc
wtoa . . . . . . . . . . . . . .	Proc


Segments and Groups:

                N a m e                 Size     Length   Align   Combine Class

FLAT . . . . . . . . . . . . . .	GROUP
STACK  . . . . . . . . . . . . .	32 Bit	 00001000 Para	  Stack	  'STACK'	 
_DATA  . . . . . . . . . . . . .	32 Bit	 00000048 Para	  Public  'DATA'	
_TEXT  . . . . . . . . . . . . .	32 Bit	 00000044 Para	  Public  'CODE'	


Procedures, parameters, and locals:

                N a m e                 Type     Value    Attr

_MainProc  . . . . . . . . . . .	P Near	 00000000 _TEXT	Length= 00000044 Public


Symbols:

                N a m e                 Type     Value    Attr

@CodeSize  . . . . . . . . . . .	Number	 00000000h   
@DataSize  . . . . . . . . . . .	Number	 00000000h   
@Interface . . . . . . . . . . .	Number	 00000000h   
@Model . . . . . . . . . . . . .	Number	 00000007h   
@code  . . . . . . . . . . . . .	Text   	 _TEXT
@data  . . . . . . . . . . . . .	Text   	 FLAT
@fardata?  . . . . . . . . . . .	Text   	 FLAT
@fardata . . . . . . . . . . . .	Text   	 FLAT
@stack . . . . . . . . . . . . .	Text   	 FLAT
_getInput  . . . . . . . . . . .	L Near	 00000000 FLAT	External
_showOutput  . . . . . . . . . .	L Near	 00000000 FLAT	External
atodproc . . . . . . . . . . . .	L Near	 00000000 FLAT	External
atowproc . . . . . . . . . . . .	L Near	 00000000 FLAT	External
dtoaproc . . . . . . . . . . . .	L Near	 00000000 FLAT	External
fp1  . . . . . . . . . . . . . .	DWord	 00000034 _DATA	
fp2  . . . . . . . . . . . . . .	DWord	 00000038 _DATA	
fp3  . . . . . . . . . . . . . .	DWord	 0000003C _DATA	
fp4  . . . . . . . . . . . . . .	DWord	 00000040 _DATA	
fp5  . . . . . . . . . . . . . .	DWord	 00000044 _DATA	
fpvalue  . . . . . . . . . . . .	DWord	 0000002C _DATA	
intvalue . . . . . . . . . . . .	DWord	 00000030 _DATA	
sample1  . . . . . . . . . . . .	DWord	 00000000 _DATA	
sample2  . . . . . . . . . . . .	DWord	 00000004 _DATA	
sample3  . . . . . . . . . . . .	QWord	 00000008 _DATA	
sample4  . . . . . . . . . . . .	QWord	 00000010 _DATA	
sample5  . . . . . . . . . . . .	TByte	 00000018 _DATA	
sample6  . . . . . . . . . . . .	TByte	 00000022 _DATA	
wtoaproc . . . . . . . . . . . .	L Near	 00000000 FLAT	External

	   0 Warnings
	   0 Errors
